Archive member included to satisfy reference by file (symbol)

C:/NXP/S32DS.3.5/S32DS/build_tools/gcc_b1620/gcc-6.3-arm32-eabi/arm-none-eabi/newlib/lib/thumb/v7e-m/fpv4-sp/hard\libc_nano.a(lib_a-exit.o)
                              C:/NXP/S32DS.3.5/S32DS/build_tools/gcc_b1620/gcc-6.3-arm32-eabi/arm-none-eabi/newlib/lib/thumb/v7e-m/fpv4-sp/hard/crt0.o (exit)
C:/NXP/S32DS.3.5/S32DS/build_tools/gcc_b1620/gcc-6.3-arm32-eabi/arm-none-eabi/newlib/lib/thumb/v7e-m/fpv4-sp/hard\libc_nano.a(lib_a-impure.o)
                              C:/NXP/S32DS.3.5/S32DS/build_tools/gcc_b1620/gcc-6.3-arm32-eabi/arm-none-eabi/newlib/lib/thumb/v7e-m/fpv4-sp/hard\libc_nano.a(lib_a-exit.o) (_global_impure_ptr)
C:/NXP/S32DS.3.5/S32DS/build_tools/gcc_b1620/gcc-6.3-arm32-eabi/arm-none-eabi/newlib/lib/thumb/v7e-m/fpv4-sp/hard\libc_nano.a(lib_a-init.o)
                              C:/NXP/S32DS.3.5/S32DS/build_tools/gcc_b1620/gcc-6.3-arm32-eabi/arm-none-eabi/newlib/lib/thumb/v7e-m/fpv4-sp/hard/crt0.o (__libc_init_array)
C:/NXP/S32DS.3.5/S32DS/build_tools/gcc_b1620/gcc-6.3-arm32-eabi/arm-none-eabi/newlib/lib/thumb/v7e-m/fpv4-sp/hard\libc_nano.a(lib_a-memcpy-stub.o)
                              ./can/src/CanTp.o (memcpy)
C:/NXP/S32DS.3.5/S32DS/build_tools/gcc_b1620/gcc-6.3-arm32-eabi/arm-none-eabi/newlib/lib/thumb/v7e-m/fpv4-sp/hard\libc_nano.a(lib_a-memset.o)
                              C:/NXP/S32DS.3.5/S32DS/build_tools/gcc_b1620/gcc-6.3-arm32-eabi/arm-none-eabi/newlib/lib/thumb/v7e-m/fpv4-sp/hard/crt0.o (memset)
C:/NXP/S32DS.3.5/S32DS/build_tools/gcc_b1620/gcc-6.3-arm32-eabi/arm-none-eabi/newlib/lib/thumb/v7e-m/fpv4-sp/hard\libnosys.a(_exit.o)
                              C:/NXP/S32DS.3.5/S32DS/build_tools/gcc_b1620/gcc-6.3-arm32-eabi/arm-none-eabi/newlib/lib/thumb/v7e-m/fpv4-sp/hard\libc_nano.a(lib_a-exit.o) (_exit)

Discarded input sections

 .text          0x00000000        0x0 c:/nxp/s32ds.3.5/s32ds/build_tools/gcc_b1620/gcc-6.3-arm32-eabi/bin/../lib/gcc/arm-none-eabi/6.3.1/thumb/v7e-m/fpv4-sp/hard/crti.o
 .data          0x00000000        0x0 c:/nxp/s32ds.3.5/s32ds/build_tools/gcc_b1620/gcc-6.3-arm32-eabi/bin/../lib/gcc/arm-none-eabi/6.3.1/thumb/v7e-m/fpv4-sp/hard/crti.o
 .bss           0x00000000        0x0 c:/nxp/s32ds.3.5/s32ds/build_tools/gcc_b1620/gcc-6.3-arm32-eabi/bin/../lib/gcc/arm-none-eabi/6.3.1/thumb/v7e-m/fpv4-sp/hard/crti.o
 .text          0x00000000       0xa4 c:/nxp/s32ds.3.5/s32ds/build_tools/gcc_b1620/gcc-6.3-arm32-eabi/bin/../lib/gcc/arm-none-eabi/6.3.1/thumb/v7e-m/fpv4-sp/hard/crtbegin.o
 .data          0x00000000        0x4 c:/nxp/s32ds.3.5/s32ds/build_tools/gcc_b1620/gcc-6.3-arm32-eabi/bin/../lib/gcc/arm-none-eabi/6.3.1/thumb/v7e-m/fpv4-sp/hard/crtbegin.o
 .bss           0x00000000       0x1c c:/nxp/s32ds.3.5/s32ds/build_tools/gcc_b1620/gcc-6.3-arm32-eabi/bin/../lib/gcc/arm-none-eabi/6.3.1/thumb/v7e-m/fpv4-sp/hard/crtbegin.o
 .init_array    0x00000000        0x4 c:/nxp/s32ds.3.5/s32ds/build_tools/gcc_b1620/gcc-6.3-arm32-eabi/bin/../lib/gcc/arm-none-eabi/6.3.1/thumb/v7e-m/fpv4-sp/hard/crtbegin.o
 .fini_array    0x00000000        0x4 c:/nxp/s32ds.3.5/s32ds/build_tools/gcc_b1620/gcc-6.3-arm32-eabi/bin/../lib/gcc/arm-none-eabi/6.3.1/thumb/v7e-m/fpv4-sp/hard/crtbegin.o
 .eh_frame      0x00000000        0x0 c:/nxp/s32ds.3.5/s32ds/build_tools/gcc_b1620/gcc-6.3-arm32-eabi/bin/../lib/gcc/arm-none-eabi/6.3.1/thumb/v7e-m/fpv4-sp/hard/crtbegin.o
 .jcr           0x00000000        0x0 c:/nxp/s32ds.3.5/s32ds/build_tools/gcc_b1620/gcc-6.3-arm32-eabi/bin/../lib/gcc/arm-none-eabi/6.3.1/thumb/v7e-m/fpv4-sp/hard/crtbegin.o
 .tm_clone_table
                0x00000000        0x0 c:/nxp/s32ds.3.5/s32ds/build_tools/gcc_b1620/gcc-6.3-arm32-eabi/bin/../lib/gcc/arm-none-eabi/6.3.1/thumb/v7e-m/fpv4-sp/hard/crtbegin.o
 .comment       0x00000000       0x7f c:/nxp/s32ds.3.5/s32ds/build_tools/gcc_b1620/gcc-6.3-arm32-eabi/bin/../lib/gcc/arm-none-eabi/6.3.1/thumb/v7e-m/fpv4-sp/hard/crtbegin.o
 .ARM.attributes
                0x00000000       0x34 c:/nxp/s32ds.3.5/s32ds/build_tools/gcc_b1620/gcc-6.3-arm32-eabi/bin/../lib/gcc/arm-none-eabi/6.3.1/thumb/v7e-m/fpv4-sp/hard/crtbegin.o
 .text          0x00000000       0x7c C:/NXP/S32DS.3.5/S32DS/build_tools/gcc_b1620/gcc-6.3-arm32-eabi/arm-none-eabi/newlib/lib/thumb/v7e-m/fpv4-sp/hard/crt0.o
 .data          0x00000000        0x0 C:/NXP/S32DS.3.5/S32DS/build_tools/gcc_b1620/gcc-6.3-arm32-eabi/arm-none-eabi/newlib/lib/thumb/v7e-m/fpv4-sp/hard/crt0.o
 .bss           0x00000000        0x0 C:/NXP/S32DS.3.5/S32DS/build_tools/gcc_b1620/gcc-6.3-arm32-eabi/arm-none-eabi/newlib/lib/thumb/v7e-m/fpv4-sp/hard/crt0.o
 .ARM.extab     0x00000000        0x0 C:/NXP/S32DS.3.5/S32DS/build_tools/gcc_b1620/gcc-6.3-arm32-eabi/arm-none-eabi/newlib/lib/thumb/v7e-m/fpv4-sp/hard/crt0.o
 .ARM.exidx     0x00000000       0x10 C:/NXP/S32DS.3.5/S32DS/build_tools/gcc_b1620/gcc-6.3-arm32-eabi/arm-none-eabi/newlib/lib/thumb/v7e-m/fpv4-sp/hard/crt0.o
 .ARM.attributes
[...]
Memory Configuration

Name             Origin             Length             Attributes
m_interrupts     0x00000000         0x00000400         xr
m_flash_config   0x00000400         0x00000010         xr
m_text           0x00000410         0x0007fbf0         xr
m_data           0x1fff8000         0x00008000         rw
m_data_2         0x20000000         0x00007000         rw
*default*        0x00000000         0xffffffff

Linker script and memory map

LOAD c:/nxp/s32ds.3.5/s32ds/build_tools/gcc_b1620/gcc-6.3-arm32-eabi/bin/../lib/gcc/arm-none-eabi/6.3.1/thumb/v7e-m/fpv4-sp/hard/crti.o
LOAD c:/nxp/s32ds.3.5/s32ds/build_tools/gcc_b1620/gcc-6.3-arm32-eabi/bin/../lib/gcc/arm-none-eabi/6.3.1/thumb/v7e-m/fpv4-sp/hard/crtbegin.o
LOAD C:/NXP/S32DS.3.5/S32DS/build_tools/gcc_b1620/gcc-6.3-arm32-eabi/arm-none-eabi/newlib/lib/thumb/v7e-m/fpv4-sp/hard/crt0.o
LOAD ./Project_Settings/Startup_Code/startup_S32K144.o
LOAD ./SDK/platform/devices/S32K144/startup/system_S32K144.o
LOAD ./SDK/platform/devices/startup.o
LOAD ./SDK/platform/drivers/src/clock/S32K1xx/clock_S32K1xx.o
LOAD ./SDK/platform/drivers/src/csec/csec_driver.o
LOAD ./SDK/platform/drivers/src/csec/csec_hw_access.o
LOAD ./SDK/platform/drivers/src/edma/edma_driver.o
LOAD ./SDK/platform/drivers/src/edma/edma_hw_access.o
LOAD ./SDK/platform/drivers/src/edma/edma_irq.o
LOAD ./SDK/platform/drivers/src/flexcan/flexcan_hw_access.o
LOAD ./SDK/platform/drivers/src/flexio/flexio_common.o
LOAD ./SDK/platform/drivers/src/flexio/flexio_i2s_driver.o
LOAD ./SDK/platform/drivers/src/interrupt/interrupt_manager.o
LOAD ./SDK/platform/drivers/src/pins/pins_driver.o
LOAD ./SDK/platform/drivers/src/pins/pins_port_hw_access.o
LOAD ./SDK/rtos/osif/osif_baremetal.o
LOAD ./board/clock_config.o
LOAD ./board/peripherals_csec_config_1.o
LOAD ./board/peripherals_edma_config_1.o
LOAD ./board/peripherals_flexcan_config_1.o
LOAD ./board/peripherals_osif_1.o
LOAD ./board/pin_mux.o
LOAD ./can/src/App.o
LOAD ./can/src/Can.o
LOAD ./can/src/CanIf.o
LOAD ./can/src/CanIf_Cfg.o
LOAD ./can/src/CanTp.o
LOAD ./can/src/CanTp_Cfg.o
LOAD ./can/src/Can_Cfg.o
LOAD ./can/src/Can_Hw.o
LOAD ./can/src/Can_Irq.o
LOAD ./can/src/Can_Lcfg.o
LOAD ./can/src/Can_PBcfg.o
LOAD ./can/src/Can_Trcv.o
LOAD ./can/src/Det.o
LOAD ./can/src/Dio.o
LOAD ./can/src/PduR.o
LOAD ./can/src/Port.o
LOAD ./can/src/Port_Cfg.o
LOAD ./src/main.o
START GROUP
LOAD c:/nxp/s32ds.3.5/s32ds/build_tools/gcc_b1620/gcc-6.3-arm32-eabi/bin/../lib/gcc/arm-none-eabi/6.3.1/thumb/v7e-m/fpv4-sp/hard\libgcc.a
LOAD C:/NXP/S32DS.3.5/S32DS/build_tools/gcc_b1620/gcc-6.3-arm32-eabi/arm-none-eabi/newlib/lib/thumb/v7e-m/fpv4-sp/hard\libc_nano.a
END GROUP
START GROUP
LOAD c:/nxp/s32ds.3.5/s32ds/build_tools/gcc_b1620/gcc-6.3-arm32-eabi/bin/../lib/gcc/arm-none-eabi/6.3.1/thumb/v7e-m/fpv4-sp/hard\libgcc.a
LOAD C:/NXP/S32DS.3.5/S32DS/build_tools/gcc_b1620/gcc-6.3-arm32-eabi/arm-none-eabi/newlib/lib/thumb/v7e-m/fpv4-sp/hard\libc_nano.a
LOAD C:/NXP/S32DS.3.5/S32DS/build_tools/gcc_b1620/gcc-6.3-arm32-eabi/arm-none-eabi/newlib/lib/thumb/v7e-m/fpv4-sp/hard\libnosys.a
END GROUP
START GROUP
LOAD c:/nxp/s32ds.3.5/s32ds/build_tools/gcc_b1620/gcc-6.3-arm32-eabi/bin/../lib/gcc/arm-none-eabi/6.3.1/thumb/v7e-m/fpv4-sp/hard\libgcc.a
LOAD C:/NXP/S32DS.3.5/S32DS/build_tools/gcc_b1620/gcc-6.3-arm32-eabi/arm-none-eabi/newlib/lib/thumb/v7e-m/fpv4-sp/hard\libc_nano.a
LOAD C:/NXP/S32DS.3.5/S32DS/build_tools/gcc_b1620/gcc-6.3-arm32-eabi/arm-none-eabi/newlib/lib/thumb/v7e-m/fpv4-sp/hard\libnosys.a
END GROUP
LOAD c:/nxp/s32ds.3.5/s32ds/build_tools/gcc_b1620/gcc-6.3-arm32-eabi/bin/../lib/gcc/arm-none-eabi/6.3.1/thumb/v7e-m/fpv4-sp/hard/crtend.o
LOAD c:/nxp/s32ds.3.5/s32ds/build_tools/gcc_b1620/gcc-6.3-arm32-eabi/bin/../lib/gcc/arm-none-eabi/6.3.1/thumb/v7e-m/fpv4-sp/hard/crtn.o
                0x00000400                HEAP_SIZE = DEFINED (__heap_size__)?__heap_size__:0x400
                0x00000400                STACK_SIZE = DEFINED (__stack_size__)?__stack_size__:0x400
                0x00000400                M_VECTOR_RAM_SIZE = DEFINED (__flash_vector_table__)?0x0:0x400

.interrupts     0x00000000      0x400
                0x00000000                __VECTOR_TABLE = .
                0x00000000                __interrupts_start__ = .
                0x00000000                . = ALIGN (0x4)
 *(.isr_vector)
 .isr_vector    0x00000000      0x400 ./Project_Settings/Startup_Code/startup_S32K144.o
                0x00000000                __isr_vector
                0x00000400                __interrupts_end__ = .
                0x00000400                . = ALIGN (0x4)

.flash_config   0x00000400       0x10
                0x00000400                . = ALIGN (0x4)
 *(.FlashConfig)
 .FlashConfig   0x00000400       0x10 ./Project_Settings/Startup_Code/startup_S32K144.o
                0x00000410                . = ALIGN (0x4)

.text           0x00000410     0x50f0
                0x00000410                . = ALIGN (0x4)
 *(.text)
 .text          0x00000410       0x6c ./Project_Settings/Startup_Code/startup_S32K144.o
                0x00000410                Reset_Handler
                0x00000478                DebugMon_Handler
                0x00000478                Reserved88_IRQHandler
                0x00000478                CAN0_ORed_IRQHandler
                0x00000478                HardFault_Handler
                0x00000478                Reserved86_IRQHandler
                0x00000478                Reserved103_IRQHandler
                0x00000478                FTM2_Ovf_Reload_IRQHandler
                0x00000478                Reserved50_IRQHandler
                0x00000478                FTFC_Fault_IRQHandler
                0x00000478                FTM0_Ch6_Ch7_IRQHandler
                0x00000478                Reserved114_IRQHandler
                0x00000478                PendSV_Handler
                0x00000478                NMI_Handler
                0x00000478                Reserved89_IRQHandler
                0x00000478                ERM_double_fault_IRQHandler
                0x00000478                Reserved59_IRQHandler
                0x00000478                LPIT0_Ch0_IRQHandler
                0x00000478                Reserved99_IRQHandler
                0x00000478                FTM3_Ch6_Ch7_IRQHandler
                0x00000478                CAN2_ORed_0_15_MB_IRQHandler
                0x00000478                LPIT0_Ch3_IRQHandler
                0x00000478                Reserved92_IRQHandler
                0x00000478                FTM0_Ch4_Ch5_IRQHandler
                0x00000478                CAN1_Error_IRQHandler
                0x00000478                FTM3_Ch0_Ch1_IRQHandler
                0x00000478                SWI_IRQHandler
                0x00000478                ADC0_IRQHandler
                0x00000478                FTM2_Ch4_Ch5_IRQHandler
                0x00000478                UsageFault_Handler
                0x00000478                FTM0_Ovf_Reload_IRQHandler
                0x00000478                DefaultISR
                0x00000478                Reserved58_IRQHandler
                0x00000478                CAN1_ORed_0_15_MB_IRQHandler
                0x00000478                FTM1_Ch2_Ch3_IRQHandler
                0x00000478                Reserved82_IRQHandler
                0x00000478                LPI2C0_Slave_IRQHandler
                0x00000478                Reserved71_IRQHandler
                0x00000478                PORTD_IRQHandler
                0x00000478                Reserved69_IRQHandler
                0x00000478                PORTB_IRQHandler
                0x00000478                Reserved70_IRQHandler
                0x00000478                ADC1_IRQHandler
                0x00000478                FTM2_Ch2_Ch3_IRQHandler
                0x00000478                Reserved53_IRQHandler
                0x00000478                RTC_IRQHandler
                0x00000478                PDB0_IRQHandler
                0x00000478                Reserved54_IRQHandler
                0x00000478                FTM2_Ch6_Ch7_IRQHandler
                0x00000478                FTM3_Ch2_Ch3_IRQHandler
                0x00000478                FTM2_Ch0_Ch1_IRQHandler
                0x00000478                LPSPI1_IRQHandler
                0x00000478                LPUART1_RxTx_IRQHandler
                0x00000478                RTC_Seconds_IRQHandler
                0x00000478                CAN2_ORed_IRQHandler
                0x00000478                Reserved72_IRQHandler
                0x00000478                Reserved110_IRQHandler
                0x00000478                Reserved107_IRQHandler
                0x00000478                Read_Collision_IRQHandler
                0x00000478                CAN2_Error_IRQHandler
                0x00000478                FTM1_Ch6_Ch7_IRQHandler
                0x00000478                Reserved105_IRQHandler
                0x00000478                LPIT0_Ch1_IRQHandler
                0x00000478                FTM1_Ch4_Ch5_IRQHandler
                0x00000478                FTM3_Ovf_Reload_IRQHandler
                0x00000478                LPUART2_RxTx_IRQHandler
                0x00000478                LPSPI0_IRQHandler
                0x00000478                WDOG_EWM_IRQHandler
                0x00000478                MemManage_Handler
                0x00000478                Reserved90_IRQHandler
                0x00000478                Reserved83_IRQHandler
                0x00000478                FTM0_Fault_IRQHandler
                0x00000478                Reserved48_IRQHandler
                0x00000478                SVC_Handler
                0x00000478                ERM_single_fault_IRQHandler
                0x00000478                FTM2_Fault_IRQHandler
                0x00000478                FTM0_Ch2_Ch3_IRQHandler
                0x00000478                FTM0_Ch0_Ch1_IRQHandler
                0x00000478                FTM3_Fault_IRQHandler
                0x00000478                RCM_IRQHandler
                0x00000478                Reserved100_IRQHandler
                0x00000478                Reserved91_IRQHandler
                0x00000478                CAN1_ORed_IRQHandler
                0x00000478                SCG_IRQHandler
                0x00000478                PDB1_IRQHandler
                0x00000478                Reserved81_IRQHandler
                0x00000478                Reserved46_IRQHandler
                0x00000478                Reserved45_IRQHandler
                0x00000478                CAN0_Error_IRQHandler
                0x00000478                Reserved112_IRQHandler
                0x00000478                LPI2C0_Master_IRQHandler
                0x00000478                FTM1_Fault_IRQHandler
                0x00000478                Reserved106_IRQHandler
                0x00000478                LVD_LVW_IRQHandler
                0x00000478                LPIT0_Ch2_IRQHandler
                0x00000478                PORTA_IRQHandler
                0x00000478                MCM_IRQHandler
                0x00000478                LPSPI2_IRQHandler
                0x00000478                FTM3_Ch4_Ch5_IRQHandler
                0x00000478                PORTE_IRQHandler
                0x00000478                LPUART0_RxTx_IRQHandler
                0x00000478                LPTMR0_IRQHandler
                0x00000478                BusFault_Handler
                0x00000478                Reserved87_IRQHandler
                0x00000478                FTM1_Ovf_Reload_IRQHandler
                0x00000478                Reserved93_IRQHandler
                0x00000478                CAN0_Wake_Up_IRQHandler
                0x00000478                CMP0_IRQHandler
                0x00000478                Reserved52_IRQHandler
                0x00000478                PORTC_IRQHandler
                0x00000478                FTM1_Ch0_Ch1_IRQHandler
                0x00000478                Reserved113_IRQHandler
 *(.text*)
 .text.SystemInit
                0x0000047c       0x58 ./SDK/platform/devices/S32K144/startup/system_S32K144.o
                0x0000047c                SystemInit
 .text.init_data_bss
                0x000004d4      0x12c ./SDK/platform/devices/startup.o
                0x000004d4                init_data_bss
 .text.DevAssert
                0x00000600       0x22 ./SDK/platform/drivers/src/clock/S32K1xx/clock_S32K1xx.o
 .text.SIM_SetLpoClocks
                0x00000622       0x72 ./SDK/platform/drivers/src/clock/S32K1xx/clock_S32K1xx.o
 .text.SIM_SetEimClockGate
                0x00000694       0x3e ./SDK/platform/drivers/src/clock/S32K1xx/clock_S32K1xx.o
 .text.SIM_SetErmClockGate
                0x000006d2       0x3e ./SDK/platform/drivers/src/clock/S32K1xx/clock_S32K1xx.o
 .text.SIM_SetDmaClockGate
                0x00000710       0x3e ./SDK/platform/drivers/src/clock/S32K1xx/clock_S32K1xx.o
 .text.SIM_SetMpuClockGate
                0x0000074e       0x3e ./SDK/platform/drivers/src/clock/S32K1xx/clock_S32K1xx.o
 .text.SIM_SetMscmClockGate
                0x0000078c       0x3e ./SDK/platform/drivers/src/clock/S32K1xx/clock_S32K1xx.o
 *fill*         0x000007ca        0x2 
 .text.SIM_SetExtPinSourceFtm
                0x000007cc       0xa0 ./SDK/platform/drivers/src/clock/S32K1xx/clock_S32K1xx.o
 .text.SIM_SetClockout
                0x0000086c       0x6a ./SDK/platform/drivers/src/clock/S32K1xx/clock_S32K1xx.o
 .text.SIM_SetTraceClockSource
                0x000008d6       0x38 ./SDK/platform/drivers/src/clock/S32K1xx/clock_S32K1xx.o
 .text.SIM_ClearTraceClockConfig
                0x0000090e       0x1e ./SDK/platform/drivers/src/clock/S32K1xx/clock_S32K1xx.o
 .text.SIM_SetTraceClockConfig
                0x0000092c       0x40 ./SDK/platform/drivers/src/clock/S32K1xx/clock_S32K1xx.o
 .text.SCG_GetCurrentSystemClockSource
                0x0000096c       0x1e ./SDK/platform/drivers/src/clock/S32K1xx/clock_S32K1xx.o
 .text.SCG_SetRunClockControl
                0x0000098a       0x44 ./SDK/platform/drivers/src/clock/S32K1xx/clock_S32K1xx.o
 .text.SCG_SetVlprClockControl
                0x000009ce       0x44 ./SDK/platform/drivers/src/clock/S32K1xx/clock_S32K1xx.o
 .text.SCG_SetHsrunClockControl
                0x00000a12       0x44 ./SDK/platform/drivers/src/clock/S32K1xx/clock_S32K1xx.o
 .text.SCG_SetFircAsyncConfig
                0x00000a56       0x32 ./SDK/platform/drivers/src/clock/S32K1xx/clock_S32K1xx.o
 .text.SCG_SetSircAsyncConfig
                0x00000a88       0x32 ./SDK/platform/drivers/src/clock/S32K1xx/clock_S32K1xx.o
 .text.SCG_SetSoscAsyncConfig
                0x00000aba       0x32 ./SDK/platform/drivers/src/clock/S32K1xx/clock_S32K1xx.o
 .text.SCG_SetSpllAsyncConfig
                0x00000aec       0x32 ./SDK/platform/drivers/src/clock/S32K1xx/clock_S32K1xx.o
 .text.SCG_SetClockoutSourceSel
                0x00000b1e       0x38 ./SDK/platform/drivers/src/clock/S32K1xx/clock_S32K1xx.o
 .text.SCG_GetSircSystemClockMode
                0x00000b56       0x32 ./SDK/platform/drivers/src/clock/S32K1xx/clock_S32K1xx.o
 .text.SCG_GetSircStatus
                0x00000b88       0x28 ./SDK/platform/drivers/src/clock/S32K1xx/clock_S32K1xx.o
 .text.SCG_GetSircRange
                0x00000bb0       0x1e ./SDK/platform/drivers/src/clock/S32K1xx/clock_S32K1xx.o
 .text.SCG_ClearSircLock
                0x00000bce       0x24 ./SDK/platform/drivers/src/clock/S32K1xx/clock_S32K1xx.o
 .text.SCG_ClearSircControl
                0x00000bf2       0x1c ./SDK/platform/drivers/src/clock/S32K1xx/clock_S32K1xx.o
 .text.SCG_SetSircConfiguration
                0x00000c0e       0x24 ./SDK/platform/drivers/src/clock/S32K1xx/clock_S32K1xx.o
 .text.SCG_SetSircControl
                0x00000c32       0x5a ./SDK/platform/drivers/src/clock/S32K1xx/clock_S32K1xx.o
 .text.SCG_GetFircSystemClockMode
                0x00000c8c       0x32 ./SDK/platform/drivers/src/clock/S32K1xx/clock_S32K1xx.o
 .text.SCG_GetFircStatus
                0x00000cbe       0x28 ./SDK/platform/drivers/src/clock/S32K1xx/clock_S32K1xx.o
 .text.SCG_GetFircRange
                0x00000ce6       0x1e ./SDK/platform/drivers/src/clock/S32K1xx/clock_S32K1xx.o
 .text.SCG_ClearFircLock
                0x00000d04       0x24 ./SDK/platform/drivers/src/clock/S32K1xx/clock_S32K1xx.o
 .text.SCG_ClearFircControl
                0x00000d28       0x1e ./SDK/platform/drivers/src/clock/S32K1xx/clock_S32K1xx.o
 .text.SCG_SetFircConfiguration
                0x00000d46       0x24 ./SDK/platform/drivers/src/clock/S32K1xx/clock_S32K1xx.o
 .text.SCG_SetFircControl
                0x00000d6a       0x42 ./SDK/platform/drivers/src/clock/S32K1xx/clock_S32K1xx.o
 .text.SCG_GetSoscSystemClockMode
                0x00000dac       0x32 ./SDK/platform/drivers/src/clock/S32K1xx/clock_S32K1xx.o
 .text.SCG_GetSoscStatus
                0x00000dde       0x28 ./SDK/platform/drivers/src/clock/S32K1xx/clock_S32K1xx.o
 .text.SCG_ClearSoscLock
                0x00000e06       0x24 ./SDK/platform/drivers/src/clock/S32K1xx/clock_S32K1xx.o
 .text.SCG_ClearSoscControl
                0x00000e2a       0x1e ./SDK/platform/drivers/src/clock/S32K1xx/clock_S32K1xx.o
 .text.SCG_SetSoscConfiguration
                0x00000e48       0x3c ./SDK/platform/drivers/src/clock/S32K1xx/clock_S32K1xx.o
 .text.SCG_SetSoscControl
                0x00000e84       0x5e ./SDK/platform/drivers/src/clock/S32K1xx/clock_S32K1xx.o
 .text.SCG_GetSpllSystemClockMode
                0x00000ee2       0x32 ./SDK/platform/drivers/src/clock/S32K1xx/clock_S32K1xx.o
 .text.SCG_GetSpllStatus
                0x00000f14       0x28 ./SDK/platform/drivers/src/clock/S32K1xx/clock_S32K1xx.o
 .text.SCG_GetSpllPredivider
                0x00000f3c       0x20 ./SDK/platform/drivers/src/clock/S32K1xx/clock_S32K1xx.o
 .text.SCG_GetSpllMultiplier
                0x00000f5c       0x20 ./SDK/platform/drivers/src/clock/S32K1xx/clock_S32K1xx.o
 .text.SCG_ClearSpllLock
                0x00000f7c       0x24 ./SDK/platform/drivers/src/clock/S32K1xx/clock_S32K1xx.o
 .text.SCG_ClearSpllControl
                0x00000fa0       0x1e ./SDK/platform/drivers/src/clock/S32K1xx/clock_S32K1xx.o
 .text.SCG_SetSpllConfiguration
                0x00000fbe       0x34 ./SDK/platform/drivers/src/clock/S32K1xx/clock_S32K1xx.o
 .text.SCG_SetSpllControl
                0x00000ff2       0x5e ./SDK/platform/drivers/src/clock/S32K1xx/clock_S32K1xx.o
 .text.PCC_SetPeripheralClockControl
                0x00001050       0x60 ./SDK/platform/drivers/src/clock/S32K1xx/clock_S32K1xx.o
 .text.PCC_SetClockMode
                0x000010b0       0x70 ./SDK/platform/drivers/src/clock/S32K1xx/clock_S32K1xx.o
 .text.PMC_SetLpoMode
                0x00001120       0x3e ./SDK/platform/drivers/src/clock/S32K1xx/clock_S32K1xx.o
 .text.PMC_SetLpoTrimValue
                0x0000115e       0x6c ./SDK/platform/drivers/src/clock/S32K1xx/clock_S32K1xx.o
 .text.SMC_GetCurrentRunningMode
                0x000011ca       0x1a ./SDK/platform/drivers/src/clock/S32K1xx/clock_S32K1xx.o
 .text.CLOCK_DRV_Init
                0x000011e4       0x84 ./SDK/platform/drivers/src/clock/S32K1xx/clock_S32K1xx.o
                0x000011e4                CLOCK_DRV_Init
 .text.CLOCK_SYS_SetScgConfiguration
                0x00001268       0xcc ./SDK/platform/drivers/src/clock/S32K1xx/clock_S32K1xx.o
 .text.CLOCK_SYS_SetPccConfiguration
                0x00001334       0xc8 ./SDK/platform/drivers/src/clock/S32K1xx/clock_S32K1xx.o
 .text.CLOCK_SYS_SetSimConfiguration
                0x000013fc      0x160 ./SDK/platform/drivers/src/clock/S32K1xx/clock_S32K1xx.o
 .text.CLOCK_SYS_SetPmcConfiguration
                0x0000155c       0x48 ./SDK/platform/drivers/src/clock/S32K1xx/clock_S32K1xx.o
 .text.CLOCK_SYS_GetDefaultConfiguration
                0x000015a4      0x274 ./SDK/platform/drivers/src/clock/S32K1xx/clock_S32K1xx.o
 .text.CLOCK_SYS_GetCurrentRunMode
                0x00001818       0x44 ./SDK/platform/drivers/src/clock/S32K1xx/clock_S32K1xx.o
 .text.CLOCK_SYS_TransitionSystemClock
                0x0000185c       0x98 ./SDK/platform/drivers/src/clock/S32K1xx/clock_S32K1xx.o
 .text.CLOCK_SYS_ConfigureSIRC
                0x000018f4       0xc8 ./SDK/platform/drivers/src/clock/S32K1xx/clock_S32K1xx.o
 .text.CLOCK_SYS_ConfigureFIRC
                0x000019bc       0xc4 ./SDK/platform/drivers/src/clock/S32K1xx/clock_S32K1xx.o
 .text.CLOCK_SYS_ConfigureSOSC
                0x00001a80      0x12c ./SDK/platform/drivers/src/clock/S32K1xx/clock_S32K1xx.o
 .text.CLOCK_SYS_ConfigureSPLL
                0x00001bac      0x158 ./SDK/platform/drivers/src/clock/S32K1xx/clock_S32K1xx.o
 .text.CLOCK_SYS_ConfigureTemporarySystemClock
                0x00001d04       0x68 ./SDK/platform/drivers/src/clock/S32K1xx/clock_S32K1xx.o
 .text.CLOCK_SYS_ConfigureModulesFromScg
                0x00001d6c      0x1cc ./SDK/platform/drivers/src/clock/S32K1xx/clock_S32K1xx.o
 .text.CLOCK_SYS_GetSrcFreq
                0x00001f38       0x64 ./SDK/platform/drivers/src/clock/S32K1xx/clock_S32K1xx.o
 .text.CLOCK_SYS_SetSystemClockConfig
                0x00001f9c      0x284 ./SDK/platform/drivers/src/clock/S32K1xx/clock_S32K1xx.o
 .text.CLOCK_SYS_GetSysOscFreq
                0x00002220       0x30 ./SDK/platform/drivers/src/clock/S32K1xx/clock_S32K1xx.o
 .text.CLOCK_SYS_GetSircFreq
                0x00002250       0x38 ./SDK/platform/drivers/src/clock/S32K1xx/clock_S32K1xx.o
 .text.CLOCK_SYS_GetFircFreq
                0x00002288       0x3c ./SDK/platform/drivers/src/clock/S32K1xx/clock_S32K1xx.o
 .text.CLOCK_SYS_GetSysPllFreq
                0x000022c4       0x64 ./SDK/platform/drivers/src/clock/S32K1xx/clock_S32K1xx.o
 .text.CSEC_WriteCommandHeader
                0x00002328       0x4c ./SDK/platform/drivers/src/csec/csec_driver.o
 .text.CSEC_ReadCommandWord
                0x00002374       0x28 ./SDK/platform/drivers/src/csec/csec_driver.o
 .text.CSEC_ReadErrorBits
                0x0000239c       0xc4 ./SDK/platform/drivers/src/csec/csec_driver.o
 .text.CSEC_SetInterrupt
                0x00002460       0x3c ./SDK/platform/drivers/src/csec/csec_driver.o
 .text.CSEC_DRV_RoundTo
                0x0000249c       0x24 ./SDK/platform/drivers/src/csec/csec_driver.o
 .text.FTFC_IRQHandler
                0x000024c0       0xb0 ./SDK/platform/drivers/src/csec/csec_driver.o
                0x000024c0                FTFC_IRQHandler
 .text.CSEC_DRV_StartEncDecECBCmd
                0x00002570       0x80 ./SDK/platform/drivers/src/csec/csec_driver.o
 .text.CSEC_DRV_StartEncDecCBCCmd
                0x000025f0       0xd8 ./SDK/platform/drivers/src/csec/csec_driver.o
 .text.CSEC_DRV_StartGenMACCmd
                0x000026c8       0x88 ./SDK/platform/drivers/src/csec/csec_driver.o
 .text.CSEC_DRV_StartVerifMACCmd
                0x00002750       0xcc ./SDK/platform/drivers/src/csec/csec_driver.o
 .text.CSEC_DRV_ContinueEncDecECBCmd
                0x0000281c       0x7c ./SDK/platform/drivers/src/csec/csec_driver.o
 .text.CSEC_DRV_ContinueEncDecCBCCmd
                0x00002898       0xb4 ./SDK/platform/drivers/src/csec/csec_driver.o
 .text.CSEC_DRV_ContinueGenMACCmd
                0x0000294c       0x84 ./SDK/platform/drivers/src/csec/csec_driver.o
 .text.CSEC_DRV_ContinueVerifMACCmd
                0x000029d0       0xb8 ./SDK/platform/drivers/src/csec/csec_driver.o
 .text.DevAssert
                0x00002a88       0x22 ./SDK/platform/drivers/src/csec/csec_hw_access.o
 *fill*         0x00002aaa        0x2 
 .text.CSEC_WriteCommandBytes
                0x00002aac       0xb0 ./SDK/platform/drivers/src/csec/csec_hw_access.o
                0x00002aac                CSEC_WriteCommandBytes
 .text.CSEC_WriteCommandHalfWord
                0x00002b5c       0x6c ./SDK/platform/drivers/src/csec/csec_hw_access.o
                0x00002b5c                CSEC_WriteCommandHalfWord
 .text.CSEC_WriteCommandByte
                0x00002bc8       0xbc ./SDK/platform/drivers/src/csec/csec_hw_access.o
                0x00002bc8                CSEC_WriteCommandByte
 .text.CSEC_WriteCommandWords
                0x00002c84       0x60 ./SDK/platform/drivers/src/csec/csec_hw_access.o
                0x00002c84                CSEC_WriteCommandWords
 .text.CSEC_ReadCommandBytes
                0x00002ce4       0xb8 ./SDK/platform/drivers/src/csec/csec_hw_access.o
                0x00002ce4                CSEC_ReadCommandBytes
 .text.CSEC_ReadCommandByte
                0x00002d9c       0x74 ./SDK/platform/drivers/src/csec/csec_hw_access.o
                0x00002d9c                CSEC_ReadCommandByte
 .text.DevAssert
                0x00002e10       0x22 ./SDK/platform/drivers/src/edma/edma_driver.o
 .text.EDMA_ClearErrorIntStatusFlag
                0x00002e32       0x2c ./SDK/platform/drivers/src/edma/edma_driver.o
 .text.EDMA_ClearDoneStatusFlag
                0x00002e5e       0x2c ./SDK/platform/drivers/src/edma/edma_driver.o
 .text.EDMA_ClearIntStatusFlag
                0x00002e8a       0x2c ./SDK/platform/drivers/src/edma/edma_driver.o
 *fill*         0x00002eb6        0x2 
 .text.EDMA_DRV_ClearIntStatus
                0x00002eb8       0x3c ./SDK/platform/drivers/src/edma/edma_driver.o
 .text.EDMA_DRV_IRQHandler
                0x00002ef4       0x4c ./SDK/platform/drivers/src/edma/edma_driver.o
                0x00002ef4                EDMA_DRV_IRQHandler
 .text.EDMA_DRV_ErrorIRQHandler
                0x00002f40       0x7c ./SDK/platform/drivers/src/edma/edma_driver.o
                0x00002f40                EDMA_DRV_ErrorIRQHandler
 .text.EDMA_DRV_GetDmaRegBaseAddr
                0x00002fbc       0x28 ./SDK/platform/drivers/src/edma/edma_driver.o
                0x00002fbc                EDMA_DRV_GetDmaRegBaseAddr
 .text.EDMA_SetDmaRequestCmd
                0x00002fe4       0x30 ./SDK/platform/drivers/src/edma/edma_hw_access.o
                0x00002fe4                EDMA_SetDmaRequestCmd
 .text.EDMA_GetErrorIntStatusFlag
                0x00003014       0x18 ./SDK/platform/drivers/src/edma/edma_irq.o
 .text.DMA0_IRQHandler
                0x0000302c        0xe ./SDK/platform/drivers/src/edma/edma_irq.o
                0x0000302c                DMA0_IRQHandler
 .text.DMA1_IRQHandler
                0x0000303a        0xe ./SDK/platform/drivers/src/edma/edma_irq.o
                0x0000303a                DMA1_IRQHandler
 .text.DMA2_IRQHandler
                0x00003048        0xe ./SDK/platform/drivers/src/edma/edma_irq.o
                0x00003048                DMA2_IRQHandler
 .text.DMA3_IRQHandler
                0x00003056        0xe ./SDK/platform/drivers/src/edma/edma_irq.o
                0x00003056                DMA3_IRQHandler
 .text.DMA4_IRQHandler
                0x00003064        0xe ./SDK/platform/drivers/src/edma/edma_irq.o
                0x00003064                DMA4_IRQHandler
 .text.DMA5_IRQHandler
                0x00003072        0xe ./SDK/platform/drivers/src/edma/edma_irq.o
                0x00003072                DMA5_IRQHandler
 .text.DMA6_IRQHandler
                0x00003080        0xe ./SDK/platform/drivers/src/edma/edma_irq.o
                0x00003080                DMA6_IRQHandler
 .text.DMA7_IRQHandler
                0x0000308e        0xe ./SDK/platform/drivers/src/edma/edma_irq.o
                0x0000308e                DMA7_IRQHandler
 .text.DMA8_IRQHandler
                0x0000309c        0xe ./SDK/platform/drivers/src/edma/edma_irq.o
                0x0000309c                DMA8_IRQHandler
 .text.DMA9_IRQHandler
                0x000030aa        0xe ./SDK/platform/drivers/src/edma/edma_irq.o
                0x000030aa                DMA9_IRQHandler
 .text.DMA10_IRQHandler
                0x000030b8        0xe ./SDK/platform/drivers/src/edma/edma_irq.o
                0x000030b8                DMA10_IRQHandler
 .text.DMA11_IRQHandler
                0x000030c6        0xe ./SDK/platform/drivers/src/edma/edma_irq.o
                0x000030c6                DMA11_IRQHandler
 .text.DMA12_IRQHandler
                0x000030d4        0xe ./SDK/platform/drivers/src/edma/edma_irq.o
                0x000030d4                DMA12_IRQHandler
 .text.DMA13_IRQHandler
                0x000030e2        0xe ./SDK/platform/drivers/src/edma/edma_irq.o
                0x000030e2                DMA13_IRQHandler
 .text.DMA14_IRQHandler
                0x000030f0        0xe ./SDK/platform/drivers/src/edma/edma_irq.o
                0x000030f0                DMA14_IRQHandler
 .text.DMA15_IRQHandler
                0x000030fe        0xe ./SDK/platform/drivers/src/edma/edma_irq.o
                0x000030fe                DMA15_IRQHandler
 .text.DMA_Error_IRQHandler
                0x0000310c       0x4c ./SDK/platform/drivers/src/edma/edma_irq.o
                0x0000310c                DMA_Error_IRQHandler
 .text.FLEXIO_GetAllShifterStatus
                0x00003158       0x18 ./SDK/platform/drivers/src/flexio/flexio_common.o
 .text.FLEXIO_GetAllShifterErrorStatus
                0x00003170       0x18 ./SDK/platform/drivers/src/flexio/flexio_common.o
 .text.FLEXIO_GetAllTimerStatus
                0x00003188       0x18 ./SDK/platform/drivers/src/flexio/flexio_common.o
 .text.FLEXIO_GetAllShifterInterrupt
                0x000031a0       0x18 ./SDK/platform/drivers/src/flexio/flexio_common.o
 .text.FLEXIO_GetAllShifterErrorInterrupt
                0x000031b8       0x18 ./SDK/platform/drivers/src/flexio/flexio_common.o
 .text.FLEXIO_GetAllTimerInterrupt
                0x000031d0       0x18 ./SDK/platform/drivers/src/flexio/flexio_common.o
 .text.FLEXIO_IRQHandler
                0x000031e8       0xd4 ./SDK/platform/drivers/src/flexio/flexio_common.o
                0x000031e8                FLEXIO_IRQHandler
 .text.DevAssert
                0x000032bc       0x22 ./SDK/platform/drivers/src/interrupt/interrupt_manager.o
 *fill*         0x000032de        0x2 
 .text.INT_SYS_EnableIRQ
                0x000032e0       0x58 ./SDK/platform/drivers/src/interrupt/interrupt_manager.o
                0x000032e0                INT_SYS_EnableIRQ
 .text.PINS_DRV_Init
                0x00003338       0x3e ./SDK/platform/drivers/src/pins/pins_driver.o
                0x00003338                PINS_DRV_Init
 .text.DevAssert
                0x00003376       0x22 ./SDK/platform/drivers/src/pins/pins_port_hw_access.o
 .text.PINS_GPIO_WritePin
                0x00003398       0x44 ./SDK/platform/drivers/src/pins/pins_port_hw_access.o
 .text.PINS_GetAdcInterleaveVal
                0x000033dc       0xe4 ./SDK/platform/drivers/src/pins/pins_port_hw_access.o
 .text.PINS_Init
                0x000034c0      0x244 ./SDK/platform/drivers/src/pins/pins_port_hw_access.o
                0x000034c0                PINS_Init
 .text.osif_Tick
                0x00003704       0x1c ./SDK/rtos/osif/osif_baremetal.o
 .text.SysTick_Handler
                0x00003720        0xc ./SDK/rtos/osif/osif_baremetal.o
                0x00003720                SysTick_Handler
 .text.App_TxCompleted
                0x0000372c       0x68 ./can/src/App.o
                0x0000372c                App_TxCompleted
 .text.App_MainFunction_Tx
                0x00003794       0xc0 ./can/src/App.o
                0x00003794                App_MainFunction_Tx
 .text.App_RxCompleted
                0x00003854       0x38 ./can/src/App.o
                0x00003854                App_RxCompleted
 .text.Can_Init
                0x0000388c       0x78 ./can/src/Can.o
                0x0000388c                Can_Init
 .text.Can_SetControllerMode
                0x00003904       0xf0 ./can/src/Can.o
                0x00003904                Can_SetControllerMode
 .text.Can_EnableControllerInterrupts
                0x000039f4       0x30 ./can/src/Can.o
                0x000039f4                Can_EnableControllerInterrupts
 .text.Can_Write
                0x00003a24       0x84 ./can/src/Can.o
                0x00003a24                Can_Write
 .text.CanIf_Init
                0x00003aa8       0x9c ./can/src/CanIf.o
                0x00003aa8                CanIf_Init
 .text.CanIf_SetControllerMode
                0x00003b44       0x8c ./can/src/CanIf.o
                0x00003b44                CanIf_SetControllerMode
 .text.CanIf_Transmit
                0x00003bd0       0xcc ./can/src/CanIf.o
                0x00003bd0                CanIf_Transmit
 .text.CanIf_SetPduMode
                0x00003c9c       0x58 ./can/src/CanIf.o
                0x00003c9c                CanIf_SetPduMode
 .text.CanIf_TxConfirmation
                0x00003cf4       0x2c ./can/src/CanIf.o
                0x00003cf4                CanIf_TxConfirmation
 .text.CanIf_RxIndication
                0x00003d20       0xa4 ./can/src/CanIf.o
                0x00003d20                CanIf_RxIndication
 .text.CanTp_ResetTx
                0x00003dc4       0xf4 ./can/src/CanTp.o
 .text.CanTp_ResetRx
                0x00003eb8       0x7c ./can/src/CanTp.o
 .text.CanTp_Init
                0x00003f34       0x54 ./can/src/CanTp.o
                0x00003f34                CanTp_Init
 .text.CanTp_Transmit
                0x00003f88       0x7c ./can/src/CanTp.o
                0x00003f88                CanTp_Transmit
 .text.CanTp_MainFunction
                0x00004004      0x354 ./can/src/CanTp.o
                0x00004004                CanTp_MainFunction
 .text.CanTp_RxIndication
                0x00004358       0x2c ./can/src/CanTp.o
                0x00004358                CanTp_RxIndication
 .text.CanTp_TxConfirmation
                0x00004384       0x5c ./can/src/CanTp.o
                0x00004384                CanTp_TxConfirmation
 .text.CanTp_ProcessRxFrame
                0x000043e0       0xe0 ./can/src/CanTp.o
 .text.CanTp_UpdateTimers
                0x000044c0      0x138 ./can/src/CanTp.o
 .text.Can_Hw_GetBase
                0x000045f8       0x1c ./can/src/Can_Hw.o
                0x000045f8                Can_Hw_GetBase
 .text.Can_Hw_EnableClock
                0x00004614       0x34 ./can/src/Can_Hw.o
 .text.Can_Hw_EnterFreezeMode
                0x00004648       0x66 ./can/src/Can_Hw.o
                0x00004648                Can_Hw_EnterFreezeMode
 .text.Can_Hw_ExitFreezeMode
                0x000046ae       0x5a ./can/src/Can_Hw.o
                0x000046ae                Can_Hw_ExitFreezeMode
 .text.Can_Hw_InitController
                0x00004708      0x1f0 ./can/src/Can_Hw.o
                0x00004708                Can_Hw_InitController
 .text.Can_Hw_WriteMessage
                0x000048f8      0x134 ./can/src/Can_Hw.o
                0x000048f8                Can_Hw_WriteMessage
 .text.Can_Hw_StartController
                0x00004a2c       0x54 ./can/src/Can_Hw.o
                0x00004a2c                Can_Hw_StartController
 .text.Can_Hw_StopController
                0x00004a80       0x38 ./can/src/Can_Hw.o
                0x00004a80                Can_Hw_StopController
 .text.Can_Hw_SleepController
                0x00004ab8       0x2a ./can/src/Can_Hw.o
                0x00004ab8                Can_Hw_SleepController
 .text.Can_Hw_EnableInterrupts
                0x00004ae2       0x70 ./can/src/Can_Hw.o
                0x00004ae2                Can_Hw_EnableInterrupts
 *fill*         0x00004b52        0x2 
 .text.Can_Hw_Isr
                0x00004b54       0xb8 ./can/src/Can_Hw.o
                0x00004b54                Can_Hw_Isr
 .text.Can_Hw_ReadMessage
                0x00004c0c       0xe8 ./can/src/Can_Hw.o
                0x00004c0c                Can_Hw_ReadMessage
 .text.CAN0_ORed_0_15_MB_IRQHandler
                0x00004cf4        0xe ./can/src/Can_Irq.o
                0x00004cf4                CAN0_ORed_0_15_MB_IRQHandler
 .text.CAN0_ORed_16_31_MB_IRQHandler
                0x00004d02        0xe ./can/src/Can_Irq.o
                0x00004d02                CAN0_ORed_16_31_MB_IRQHandler
 .text.CanTrcv_SetOpMode
                0x00004d10       0x48 ./can/src/Can_Trcv.o
                0x00004d10                CanTrcv_SetOpMode
 .text.Det_ReportError
                0x00004d58       0x50 ./can/src/Det.o
                0x00004d58                Det_ReportError
 .text.Dio_WriteChannel
                0x00004da8       0x7c ./can/src/Dio.o
                0x00004da8                Dio_WriteChannel
 .text.PduR_CanTpRxIndication
                0x00004e24       0x24 ./can/src/PduR.o
                0x00004e24                PduR_CanTpRxIndication
 .text.PduR_CanTpTxConfirmation
                0x00004e48       0x24 ./can/src/PduR.o
                0x00004e48                PduR_CanTpTxConfirmation
 .text.PduR_CanTpCopyRxData
                0x00004e6c       0x1c ./can/src/PduR.o
                0x00004e6c                PduR_CanTpCopyRxData
 .text.Port_Init
                0x00004e88       0x3c ./can/src/Port.o
                0x00004e88                Port_Init
 .text.main     0x00004ec4       0x88 ./src/main.o
                0x00004ec4                main
 .text.Board_Init
                0x00004f4c       0x24 ./src/main.o
 .text.memcpy   0x00004f70       0x1c C:/NXP/S32DS.3.5/S32DS/build_tools/gcc_b1620/gcc-6.3-arm32-eabi/arm-none-eabi/newlib/lib/thumb/v7e-m/fpv4-sp/hard\libc_nano.a(lib_a-memcpy-stub.o)
                0x00004f70                memcpy
 *(.rodata)
 .rodata        0x00004f8c       0x14 ./can/src/Dio.o
 *(.rodata*)
 .rodata.clockNameMappings
                0x00004fa0       0x9e ./SDK/platform/drivers/src/clock/S32K1xx/clock_S32K1xx.o
                0x00004fa0                clockNameMappings
 *fill*         0x0000503e        0x2 
 .rodata.tmpSysClk.7585
                0x00005040        0xc ./SDK/platform/drivers/src/clock/S32K1xx/clock_S32K1xx.o
 .rodata.tmpSysClk.7592
                0x0000504c        0xc ./SDK/platform/drivers/src/clock/S32K1xx/clock_S32K1xx.o
 .rodata.maxSysClksInRUN.7630
                0x00005058       0x54 ./SDK/platform/drivers/src/clock/S32K1xx/clock_S32K1xx.o
 .rodata.maxSysClksInVLPR.7629
                0x000050ac       0x54 ./SDK/platform/drivers/src/clock/S32K1xx/clock_S32K1xx.o
 .rodata.maxSysClksInHSRUN.7631
                0x00005100       0x54 ./SDK/platform/drivers/src/clock/S32K1xx/clock_S32K1xx.o
 .rodata.fircFreq.7674
                0x00005154        0x4 ./SDK/platform/drivers/src/clock/S32K1xx/clock_S32K1xx.o
 .rodata.CanIf_RxPduCfg
                0x00005158       0xc0 ./can/src/CanIf_Cfg.o
 .rodata.CanIf_TxPduCfg
                0x00005218      0x100 ./can/src/CanIf_Cfg.o
 .rodata.CanIf_Config
                0x00005318       0x10 ./can/src/CanIf_Cfg.o
                0x00005318                CanIf_Config
 .rodata.CanTp_ChannelCfg
                0x00005328        0x6 ./can/src/CanTp_Cfg.o
 *fill*         0x0000532e        0x2 
 .rodata.CanTp_Config
                0x00005330        0xc ./can/src/CanTp_Cfg.o
                0x00005330                CanTp_Config
 .rodata.Can_Controller0_Baudrates
                0x0000533c        0xc ./can/src/Can_Cfg.o
 .rodata.Can_ControllerConfigs
                0x00005348       0x1c ./can/src/Can_Cfg.o
 .rodata.Can_HardwareObjects
                0x00005364      0x180 ./can/src/Can_Cfg.o
 .rodata.Can_Config
                0x000054e4        0xc ./can/src/Can_Cfg.o
                0x000054e4                Can_Config
 .rodata.Port_Config
                0x000054f0        0x8 ./can/src/Port_Cfg.o
                0x000054f0                Port_Config
 *(.init)
 .init          0x000054f8        0x4 c:/nxp/s32ds.3.5/s32ds/build_tools/gcc_b1620/gcc-6.3-arm32-eabi/bin/../lib/gcc/arm-none-eabi/6.3.1/thumb/v7e-m/fpv4-sp/hard/crti.o
                0x000054f8                _init
 *(.fini)
 .fini          0x000054fc        0x4 c:/nxp/s32ds.3.5/s32ds/build_tools/gcc_b1620/gcc-6.3-arm32-eabi/bin/../lib/gcc/arm-none-eabi/6.3.1/thumb/v7e-m/fpv4-sp/hard/crti.o
                0x000054fc                _fini
 *(.eh_frame)
                0x00005500                . = ALIGN (0x4)

.glue_7         0x00005500        0x0
 .glue_7        0x00005500        0x0 linker stubs

.glue_7t        0x00005500        0x0
 .glue_7t       0x00005500        0x0 linker stubs

.vfp11_veneer   0x00005500        0x0
 .vfp11_veneer  0x00005500        0x0 linker stubs

.v4_bx          0x00005500        0x0
 .v4_bx         0x00005500        0x0 linker stubs

.iplt           0x00005500        0x0
 .iplt          0x00005500        0x0 ./Project_Settings/Startup_Code/startup_S32K144.o

.rel.dyn        0x00005500        0x0
 .rel.iplt      0x00005500        0x0 ./Project_Settings/Startup_Code/startup_S32K144.o

.ARM            0x00005500        0x0
                0x00005500                __exidx_start = .
 *(.ARM.exidx*)
                0x00005500                __exidx_end = .
                0x00005500                __etext = .
                0x00005500                __DATA_ROM = .

.interrupts_ram
                0x1fff8000      0x400
                0x1fff8000                . = ALIGN (0x4)
                0x1fff8000                __VECTOR_RAM__ = .
                0x1fff8000                __RAM_START = .
                0x1fff8000                __interrupts_ram_start__ = .
 *(.m_interrupts_ram)
                0x1fff8400                . = (. + M_VECTOR_RAM_SIZE)
 *fill*         0x1fff8000      0x400 
                0x1fff8400                . = ALIGN (0x4)
                0x1fff8400                __interrupts_ram_end__ = .
                0x1fff8000                __VECTOR_RAM = DEFINED (__flash_vector_table__)?ORIGIN (m_interrupts):__VECTOR_RAM__
                0x00000400                __RAM_VECTOR_TABLE_SIZE = DEFINED (__flash_vector_table__)?0x0:(__interrupts_ram_end__ - __interrupts_ram_start__)

.data           0x1fff8400      0x28c load address 0x00005500
                0x1fff8400                . = ALIGN (0x4)
                0x1fff8400                __DATA_RAM = .
                0x1fff8400                __data_start__ = .
 *(.data)
 *(.data*)
 .data.peripheralClockConfig.7378
                0x1fff8400       0xa0 ./SDK/platform/drivers/src/clock/S32K1xx/clock_S32K1xx.o
 .data.peripheralClockConfig0
                0x1fff84a0       0xa0 ./board/clock_config.o
                0x1fff84a0                peripheralClockConfig0
 .data.clockMan1_InitConfig0
                0x1fff8540       0x88 ./board/clock_config.o
                0x1fff8540                clockMan1_InitConfig0
 .data.g_pin_mux_InitConfigArr0
                0x1fff85c8       0xa8 ./board/pin_mux.o
                0x1fff85c8                g_pin_mux_InitConfigArr0
 .data.TxSF     0x1fff8670        0x5 ./can/src/App.o
 *fill*         0x1fff8675        0x3 
 .data.TxMF     0x1fff8678       0x14 ./can/src/App.o
                0x1fff868c                . = ALIGN (0x4)
                0x1fff868c                __data_end__ = .
                0x0000578c                __DATA_END = (__DATA_ROM + (__data_end__ - __data_start__))
                0x0000578c                __CODE_ROM = __DATA_END

.igot.plt       0x1fff868c        0x0 load address 0x0000578c
 .igot.plt      0x1fff868c        0x0 ./Project_Settings/Startup_Code/startup_S32K144.o

.code           0x1fff868c        0x0 load address 0x0000578c
                0x1fff868c                . = ALIGN (0x4)
                0x1fff868c                __CODE_RAM = .
                0x1fff868c                __code_start__ = .
                0x1fff868c                __code_ram_start__ = .
 *(.code_ram)
                0x1fff868c                . = ALIGN (0x4)
                0x1fff868c                __code_end__ = .
                0x1fff868c                __code_ram_end__ = .
                0x0000578c                __CODE_END = (__CODE_ROM + (__code_end__ - __code_start__))
                0x0000578c                __CUSTOM_ROM = __CODE_END

.customSectionBlock
                0x20000000        0x0 load address 0x0000578c
                0x20000000                __customSection_start__ = .
 *(.customSection)
                0x20000000                __customSection_end__ = .
                0x0000578c                __CUSTOM_END = (__CUSTOM_ROM + (__customSection_end__ - __customSection_start__))
                0x0000578c                __rom_end = __CUSTOM_END

.bss            0x20000000      0x508
                0x20000000                . = ALIGN (0x4)
                0x20000000                __BSS_START = .
                0x20000000                __bss_start__ = .
 *(.bss)
 *(.bss*)
 .bss.g_TClkFreq
                0x20000000        0xc ./SDK/platform/drivers/src/clock/S32K1xx/clock_S32K1xx.o
                0x20000000                g_TClkFreq
 .bss.g_RtcClkInFreq
                0x2000000c        0x4 ./SDK/platform/drivers/src/clock/S32K1xx/clock_S32K1xx.o
                0x2000000c                g_RtcClkInFreq
 .bss.g_xtal0ClkFreq
                0x20000010        0x4 ./SDK/platform/drivers/src/clock/S32K1xx/clock_S32K1xx.o
                0x20000010                g_xtal0ClkFreq
 .bss.g_csecStatePtr
                0x20000014        0x4 ./SDK/platform/drivers/src/csec/csec_driver.o
 .bss.s_virtEdmaState
                0x20000018        0x4 ./SDK/platform/drivers/src/edma/edma_driver.o
 .bss.g_flexioDeviceStatePtr
                0x2000001c        0x4 ./SDK/platform/drivers/src/flexio/flexio_common.o
                0x2000001c                g_flexioDeviceStatePtr
 .bss.s_osif_tick_cnt
                0x20000020        0x4 ./SDK/rtos/osif/osif_baremetal.o
 .bss.CurrentTest
                0x20000024        0x1 ./can/src/App.o
 *fill*         0x20000025        0x3 
 .bss.Tx1KB     0x20000028      0x400 ./can/src/App.o
 .bss.requestSent.6326
                0x20000428        0x1 ./can/src/App.o
 *fill*         0x20000429        0x3 
 .bss.Can_ControllerInitialized
                0x2000042c        0x1 ./can/src/Can.o
 *fill*         0x2000042d        0x3 
 .bss.Can_ControllerMode
                0x20000430        0x1 ./can/src/Can.o
 *fill*         0x20000431        0x3 
 .bss.Can_ControllerState
                0x20000434        0x1 ./can/src/Can.o
 *fill*         0x20000435        0x3 
 .bss.Can_ConfigPtr
                0x20000438        0x4 ./can/src/Can.o
                0x20000438                Can_ConfigPtr
 .bss.Can_DriverState
                0x2000043c        0x1 ./can/src/Can.o
 .bss.CanIf_Initialized
                0x2000043d        0x1 ./can/src/CanIf.o
 *fill*         0x2000043e        0x2 
 .bss.CanIf_ControllerMode
                0x20000440        0x1 ./can/src/CanIf.o
 *fill*         0x20000441        0x3 
 .bss.CanIf_PduMode
                0x20000444        0x1 ./can/src/CanIf.o
 *fill*         0x20000445        0x3 
 .bss.CanIf_TxNotifState
                0x20000448       0x10 ./can/src/CanIf.o
 .bss.CanIf_RxNotifState
                0x20000458       0x10 ./can/src/CanIf.o
 .bss.CanIf_ConfigPtr
                0x20000468        0x4 ./can/src/CanIf.o
 .bss.CanTp_TxRt
                0x2000046c       0x30 ./can/src/CanTp.o
 .bss.CanTp_RxRt
                0x2000049c       0x14 ./can/src/CanTp.o
 .bss.CanTp_ConfigPtr
                0x200004b0        0x4 ./can/src/CanTp.o
 .bss.Can_Hw_TxPduIdMapping
                0x200004b4       0x40 ./can/src/Can_Hw.o
 .bss.rxData.6685
                0x200004f4        0x8 ./can/src/Can_Hw.o
 .bss.Det_GlobalLog
                0x200004fc        0xc ./can/src/Det.o
 *(COMMON)
                0x20000508                . = ALIGN (0x4)
                0x20000508                __bss_end__ = .
                0x20000508                __BSS_END = .

.heap           0x20000508      0x400
                0x20000508                . = ALIGN (0x8)
                0x20000508                __end__ = .
                0x20000508                __heap_start__ = .
                [!provide]                PROVIDE (end = .)
                [!provide]                PROVIDE (_end = .)
                [!provide]                PROVIDE (__end = .)
                0x20000508                __HeapBase = .
                0x20000908                . = (. + HEAP_SIZE)
 *fill*         0x20000508      0x400 
                0x20000908                __HeapLimit = .
                0x20000908                __heap_limit = .
                0x20000908                __heap_end__ = .
                0x20007000                __StackTop = (ORIGIN (m_data_2) + LENGTH (m_data_2))
                0x20006c00                __StackLimit = (__StackTop - STACK_SIZE)
                0x20007000                PROVIDE (__stack = __StackTop)
                0x20007000                __RAM_END = __StackTop

.stack          0x20006c00      0x400
                0x20006c00                . = ALIGN (0x8)
                0x20006c00                __stack_start__ = .
                0x20007000                . = (. + STACK_SIZE)
 *fill*         0x20006c00      0x400 
                0x20007000                __stack_end__ = .

.ARM.attributes
                0x00000000       0x30
 *(.ARM.attributes)
 .ARM.attributes
                0x00000000       0x22 c:/nxp/s32ds.3.5/s32ds/build_tools/gcc_b1620/gcc-6.3-arm32-eabi/bin/../lib/gcc/arm-none-eabi/6.3.1/thumb/v7e-m/fpv4-sp/hard/crti.o
 .ARM.attributes
                0x00000022       0x1f ./Project_Settings/Startup_Code/startup_S32K144.o
 .ARM.attributes
                0x00000041       0x39 ./SDK/platform/devices/S32K144/startup/system_S32K144.o
 .ARM.attributes
                0x0000007a       0x39 ./SDK/platform/devices/startup.o
 .ARM.attributes
                0x000000b3       0x39 ./SDK/platform/drivers/src/clock/S32K1xx/clock_S32K1xx.o
 .ARM.attributes
                0x000000ec       0x39 ./SDK/platform/drivers/src/csec/csec_driver.o
 .ARM.attributes
                0x00000125       0x39 ./SDK/platform/drivers/src/csec/csec_hw_access.o
 .ARM.attributes
                0x0000015e       0x39 ./SDK/platform/drivers/src/edma/edma_driver.o
 .ARM.attributes
                0x00000197       0x39 ./SDK/platform/drivers/src/edma/edma_hw_access.o
 .ARM.attributes
                0x000001d0       0x39 ./SDK/platform/drivers/src/edma/edma_irq.o
 .ARM.attributes
                0x00000209       0x39 ./SDK/platform/drivers/src/flexio/flexio_common.o
 .ARM.attributes
                0x00000242       0x39 ./SDK/platform/drivers/src/interrupt/interrupt_manager.o
 .ARM.attributes
                0x0000027b       0x39 ./SDK/platform/drivers/src/pins/pins_driver.o
 .ARM.attributes
                0x000002b4       0x39 ./SDK/platform/drivers/src/pins/pins_port_hw_access.o
 .ARM.attributes
                0x000002ed       0x39 ./SDK/rtos/osif/osif_baremetal.o
 .ARM.attributes
                0x00000326       0x39 ./board/clock_config.o
 .ARM.attributes
                0x0000035f       0x39 ./board/pin_mux.o
 .ARM.attributes
                0x00000398       0x39 ./can/src/App.o
 .ARM.attributes
                0x000003d1       0x39 ./can/src/Can.o
 .ARM.attributes
                0x0000040a       0x39 ./can/src/CanIf.o
 .ARM.attributes
                0x00000443       0x39 ./can/src/CanIf_Cfg.o
 .ARM.attributes
                0x0000047c       0x39 ./can/src/CanTp.o
 .ARM.attributes
                0x000004b5       0x39 ./can/src/CanTp_Cfg.o
 .ARM.attributes
                0x000004ee       0x39 ./can/src/Can_Cfg.o
 .ARM.attributes
                0x00000527       0x39 ./can/src/Can_Hw.o
 .ARM.attributes
                0x00000560       0x39 ./can/src/Can_Irq.o
 .ARM.attributes
                0x00000599       0x39 ./can/src/Can_Trcv.o
 .ARM.attributes
                0x000005d2       0x39 ./can/src/Det.o
 .ARM.attributes
                0x0000060b       0x39 ./can/src/Dio.o
 .ARM.attributes
                0x00000644       0x39 ./can/src/PduR.o
 .ARM.attributes
                0x0000067d       0x39 ./can/src/Port.o
 .ARM.attributes
                0x000006b6       0x39 ./can/src/Port_Cfg.o
 .ARM.attributes
                0x000006ef       0x39 ./src/main.o
 .ARM.attributes
                0x00000728       0x34 C:/NXP/S32DS.3.5/S32DS/build_tools/gcc_b1620/gcc-6.3-arm32-eabi/arm-none-eabi/newlib/lib/thumb/v7e-m/fpv4-sp/hard\libc_nano.a(lib_a-memcpy-stub.o)
                0x00000001                ASSERT ((__rom_end <= (ORIGIN (m_text) + LENGTH (m_text))), Region m_text overflowed!)
                0x00000001                ASSERT ((__StackLimit >= __HeapLimit), region m_data_2 overflowed with stack and heap)
OUTPUT(CAN_Stack_001.elf elf32-littlearm)

.debug_line     0x00000000     0xc0f8
 .debug_line    0x00000000       0xcc ./Project_Settings/Startup_Code/startup_S32K144.o
 .debug_line    0x000000cc      0x433 ./SDK/platform/devices/S32K144/startup/system_S32K144.o
 .debug_line    0x000004ff      0x3bb ./SDK/platform/devices/startup.o
 .debug_line    0x000008ba     0x19e0 ./SDK/platform/drivers/src/clock/S32K1xx/clock_S32K1xx.o
 .debug_line    0x0000229a      0xc57 ./SDK/platform/drivers/src/csec/csec_driver.o
 .debug_line    0x00002ef1      0x5ef ./SDK/platform/drivers/src/csec/csec_hw_access.o
 .debug_line    0x000034e0      0xf6e ./SDK/platform/drivers/src/edma/edma_driver.o
 .debug_line    0x0000444e      0x65a ./SDK/platform/drivers/src/edma/edma_hw_access.o
 .debug_line    0x00004aa8      0x5c4 ./SDK/platform/drivers/src/edma/edma_irq.o
 .debug_line    0x0000506c      0x808 ./SDK/platform/drivers/src/flexio/flexio_common.o
 .debug_line    0x00005874      0x5c3 ./SDK/platform/drivers/src/interrupt/interrupt_manager.o
 .debug_line    0x00005e37      0x84c ./SDK/platform/drivers/src/pins/pins_driver.o
 .debug_line    0x00006683      0x597 ./SDK/platform/drivers/src/pins/pins_port_hw_access.o
 .debug_line    0x00006c1a      0x658 ./SDK/rtos/osif/osif_baremetal.o
 .debug_line    0x00007272      0x455 ./board/clock_config.o
 .debug_line    0x000076c7      0x3ee ./board/pin_mux.o
 .debug_line    0x00007ab5      0x438 ./can/src/App.o
 .debug_line    0x00007eed      0x723 ./can/src/Can.o
 .debug_line    0x00008610      0x63a ./can/src/CanIf.o
 .debug_line    0x00008c4a      0x2f6 ./can/src/CanIf_Cfg.o
 .debug_line    0x00008f40      0x5de ./can/src/CanTp.o
 .debug_line    0x0000951e      0x2ae ./can/src/CanTp_Cfg.o
 .debug_line    0x000097cc      0x2be ./can/src/Can_Cfg.o
 .debug_line    0x00009a8a      0x69d ./can/src/Can_Hw.o
 .debug_line    0x0000a127      0x451 ./can/src/Can_Irq.o
 .debug_line    0x0000a578      0x2b3 ./can/src/Can_Trcv.o
 .debug_line    0x0000a82b      0x292 ./can/src/Det.o
 .debug_line    0x0000aabd      0x2fe ./can/src/Dio.o
 .debug_line    0x0000adbb      0x3d3 ./can/src/PduR.o
 .debug_line    0x0000b18e      0x52d ./can/src/Port.o
 .debug_line    0x0000b6bb      0x518 ./can/src/Port_Cfg.o
 .debug_line    0x0000bbd3      0x525 ./src/main.o

.debug_info     0x00000000    0x183c4
 .debug_info    0x00000000       0x26 ./Project_Settings/Startup_Code/startup_S32K144.o
 .debug_info    0x00000026      0x51e ./SDK/platform/devices/S32K144/startup/system_S32K144.o
 .debug_info    0x00000544      0x46d ./SDK/platform/devices/startup.o
 .debug_info    0x000009b1     0x3f74 ./SDK/platform/drivers/src/clock/S32K1xx/clock_S32K1xx.o
 .debug_info    0x00004925     0x208f ./SDK/platform/drivers/src/csec/csec_driver.o
 .debug_info    0x000069b4      0xe76 ./SDK/platform/drivers/src/csec/csec_hw_access.o
 .debug_info    0x0000782a     0x2b06 ./SDK/platform/drivers/src/edma/edma_driver.o
 .debug_info    0x0000a330      0x95d ./SDK/platform/drivers/src/edma/edma_hw_access.o
 .debug_info    0x0000ac8d      0x53e ./SDK/platform/drivers/src/edma/edma_irq.o
 .debug_info    0x0000b1cb     0x1523 ./SDK/platform/drivers/src/flexio/flexio_common.o
 .debug_info    0x0000c6ee      0xa75 ./SDK/platform/drivers/src/interrupt/interrupt_manager.o
 .debug_info    0x0000d163     0x116a ./SDK/platform/drivers/src/pins/pins_driver.o
 .debug_info    0x0000e2cd      0x889 ./SDK/platform/drivers/src/pins/pins_port_hw_access.o
 .debug_info    0x0000eb56      0x937 ./SDK/rtos/osif/osif_baremetal.o
 .debug_info    0x0000f48d     0x12b9 ./board/clock_config.o
 .debug_info    0x00010746      0x409 ./board/pin_mux.o
 .debug_info    0x00010b4f      0x562 ./can/src/App.o
 .debug_info    0x000110b1      0xa01 ./can/src/Can.o
 .debug_info    0x00011ab2      0x94a ./can/src/CanIf.o
 .debug_info    0x000123fc      0x276 ./can/src/CanIf_Cfg.o
 .debug_info    0x00012672     0x103d ./can/src/CanTp.o
 .debug_info    0x000136af      0x1a7 ./can/src/CanTp_Cfg.o
 .debug_info    0x00013856      0x34d ./can/src/Can_Cfg.o
 .debug_info    0x00013ba3      0xedb ./can/src/Can_Hw.o
 .debug_info    0x00014a7e      0x309 ./can/src/Can_Irq.o
 .debug_info    0x00014d87      0x118 ./can/src/Can_Trcv.o
 .debug_info    0x00014e9f      0x198 ./can/src/Det.o
 .debug_info    0x00015037      0x1db ./can/src/Dio.o
 .debug_info    0x00015212      0x4e3 ./can/src/PduR.o
 .debug_info    0x000156f5     0x115f ./can/src/Port.o
 .debug_info    0x00016854     0x152e ./can/src/Port_Cfg.o
 .debug_info    0x00017d82      0x642 ./src/main.o

.debug_abbrev   0x00000000     0x31fc
 .debug_abbrev  0x00000000       0x14 ./Project_Settings/Startup_Code/startup_S32K144.o
 .debug_abbrev  0x00000014      0x123 ./SDK/platform/devices/S32K144/startup/system_S32K144.o
 .debug_abbrev  0x00000137      0x106 ./SDK/platform/devices/startup.o
 .debug_abbrev  0x0000023d      0x2f0 ./SDK/platform/drivers/src/clock/S32K1xx/clock_S32K1xx.o
 .debug_abbrev  0x0000052d      0x3ac ./SDK/platform/drivers/src/csec/csec_driver.o
 .debug_abbrev  0x000008d9      0x249 ./SDK/platform/drivers/src/csec/csec_hw_access.o
 .debug_abbrev  0x00000b22      0x2d2 ./SDK/platform/drivers/src/edma/edma_driver.o
 .debug_abbrev  0x00000df4      0x20b ./SDK/platform/drivers/src/edma/edma_hw_access.o
 .debug_abbrev  0x00000fff      0x167 ./SDK/platform/drivers/src/edma/edma_irq.o
 .debug_abbrev  0x00001166      0x2aa ./SDK/platform/drivers/src/flexio/flexio_common.o
 .debug_abbrev  0x00001410      0x1e6 ./SDK/platform/drivers/src/interrupt/interrupt_manager.o
 .debug_abbrev  0x000015f6      0x26b ./SDK/platform/drivers/src/pins/pins_driver.o
 .debug_abbrev  0x00001861      0x190 ./SDK/platform/drivers/src/pins/pins_port_hw_access.o
 .debug_abbrev  0x000019f1      0x24f ./SDK/rtos/osif/osif_baremetal.o
 .debug_abbrev  0x00001c40      0x125 ./board/clock_config.o
 .debug_abbrev  0x00001d65       0xcd ./board/pin_mux.o
 .debug_abbrev  0x00001e32      0x162 ./can/src/App.o
 .debug_abbrev  0x00001f94      0x203 ./can/src/Can.o
 .debug_abbrev  0x00002197      0x1c0 ./can/src/CanIf.o
 .debug_abbrev  0x00002357       0xb0 ./can/src/CanIf_Cfg.o
 .debug_abbrev  0x00002407      0x2dc ./can/src/CanTp.o
 .debug_abbrev  0x000026e3       0xa1 ./can/src/CanTp_Cfg.o
 .debug_abbrev  0x00002784       0xc8 ./can/src/Can_Cfg.o
 .debug_abbrev  0x0000284c      0x26e ./can/src/Can_Hw.o
 .debug_abbrev  0x00002aba       0xb6 ./can/src/Can_Irq.o
 .debug_abbrev  0x00002b70       0x7b ./can/src/Can_Trcv.o
 .debug_abbrev  0x00002beb       0x93 ./can/src/Det.o
 .debug_abbrev  0x00002c7e       0xc4 ./can/src/Dio.o
 .debug_abbrev  0x00002d42      0x166 ./can/src/PduR.o
 .debug_abbrev  0x00002ea8      0x11d ./can/src/Port.o
 .debug_abbrev  0x00002fc5      0x124 ./can/src/Port_Cfg.o
 .debug_abbrev  0x000030e9      0x113 ./src/main.o

.debug_aranges  0x00000000     0x1260
 .debug_aranges
                0x00000000       0x20 ./Project_Settings/Startup_Code/startup_S32K144.o
 .debug_aranges
                0x00000020       0x30 ./SDK/platform/devices/S32K144/startup/system_S32K144.o
 .debug_aranges
                0x00000050       0x20 ./SDK/platform/devices/startup.o
 .debug_aranges
                0x00000070      0x488 ./SDK/platform/drivers/src/clock/S32K1xx/clock_S32K1xx.o
 .debug_aranges
                0x000004f8      0x1a0 ./SDK/platform/drivers/src/csec/csec_driver.o
 .debug_aranges
                0x00000698       0x58 ./SDK/platform/drivers/src/csec/csec_hw_access.o
 .debug_aranges
                0x000006f0      0x230 ./SDK/platform/drivers/src/edma/edma_driver.o
 .debug_aranges
                0x00000920       0x90 ./SDK/platform/drivers/src/edma/edma_hw_access.o
 .debug_aranges
                0x000009b0       0xa8 ./SDK/platform/drivers/src/edma/edma_irq.o
 .debug_aranges
                0x00000a58      0x100 ./SDK/platform/drivers/src/flexio/flexio_common.o
 .debug_aranges
                0x00000b58       0x78 ./SDK/platform/drivers/src/interrupt/interrupt_manager.o
 .debug_aranges
                0x00000bd0      0x190 ./SDK/platform/drivers/src/pins/pins_driver.o
 .debug_aranges
                0x00000d60       0x50 ./SDK/platform/drivers/src/pins/pins_port_hw_access.o
 .debug_aranges
                0x00000db0       0xa0 ./SDK/rtos/osif/osif_baremetal.o
 .debug_aranges
                0x00000e50       0x18 ./board/clock_config.o
 .debug_aranges
                0x00000e68       0x18 ./board/pin_mux.o
 .debug_aranges
                0x00000e80       0x38 ./can/src/App.o
 .debug_aranges
                0x00000eb8       0xc8 ./can/src/Can.o
 .debug_aranges
                0x00000f80       0x78 ./can/src/CanIf.o
 .debug_aranges
                0x00000ff8       0x18 ./can/src/CanIf_Cfg.o
 .debug_aranges
                0x00001010       0x60 ./can/src/CanTp.o
 .debug_aranges
                0x00001070       0x18 ./can/src/CanTp_Cfg.o
 .debug_aranges
                0x00001088       0x18 ./can/src/Can_Cfg.o
 .debug_aranges
                0x000010a0       0x90 ./can/src/Can_Hw.o
 .debug_aranges
                0x00001130       0x28 ./can/src/Can_Irq.o
 .debug_aranges
                0x00001158       0x20 ./can/src/Can_Trcv.o
 .debug_aranges
                0x00001178       0x20 ./can/src/Det.o
 .debug_aranges
                0x00001198       0x20 ./can/src/Dio.o
 .debug_aranges
                0x000011b8       0x48 ./can/src/PduR.o
 .debug_aranges
                0x00001200       0x20 ./can/src/Port.o
 .debug_aranges
                0x00001220       0x18 ./can/src/Port_Cfg.o
 .debug_aranges
                0x00001238       0x28 ./src/main.o

.debug_str      0x00000000    0x76c01
 .debug_str     0x00000000       0xb8 ./Project_Settings/Startup_Code/startup_S32K144.o
 .debug_str     0x000000b8    0x687fb ./SDK/platform/devices/S32K144/startup/system_S32K144.o
                              0x689a7 (size before relaxing)
 .debug_str     0x000688b3      0x399 ./SDK/platform/devices/startup.o
                              0x68bbe (size before relaxing)
 .debug_str     0x00068c4c     0x40c9 ./SDK/platform/drivers/src/clock/S32K1xx/clock_S32K1xx.o
                              0x6cbfc (size before relaxing)
 .debug_str     0x0006cd15     0x3f93 ./SDK/platform/drivers/src/csec/csec_driver.o
                              0x6d2a8 (size before relaxing)
 .debug_str     0x00070ca8      0x132 ./SDK/platform/drivers/src/csec/csec_hw_access.o
                              0x6bdbf (size before relaxing)
 .debug_str     0x00070dda     0x183b ./SDK/platform/drivers/src/edma/edma_driver.o
                              0x6b780 (size before relaxing)
 .debug_str     0x00072615      0x1a8 ./SDK/platform/drivers/src/edma/edma_hw_access.o
                              0x69078 (size before relaxing)
 .debug_str     0x000727bd      0x194 ./SDK/platform/drivers/src/edma/edma_irq.o
                              0x68d3b (size before relaxing)
 .debug_str     0x00072951      0x69e ./SDK/platform/drivers/src/flexio/flexio_common.o
                              0x6a895 (size before relaxing)
 .debug_str     0x00072fef      0x210 ./SDK/platform/drivers/src/interrupt/interrupt_manager.o
                              0x692a2 (size before relaxing)
 .debug_str     0x000731ff      0x98d ./SDK/platform/drivers/src/pins/pins_driver.o
                              0x69c26 (size before relaxing)
 .debug_str     0x00073b8c      0x21e ./SDK/platform/drivers/src/pins/pins_port_hw_access.o
                              0x6915d (size before relaxing)
 .debug_str     0x00073daa      0x22a ./SDK/rtos/osif/osif_baremetal.o
                              0x69aa1 (size before relaxing)
 .debug_str     0x00073fd4       0xda ./board/clock_config.o
                              0x6aa4d (size before relaxing)
 .debug_str     0x000740ae       0x53 ./board/pin_mux.o
                              0x68e1a (size before relaxing)
 .debug_str     0x00074101      0xf6c ./can/src/App.o
                              0x63cc9 (size before relaxing)
 .debug_str     0x0007506d      0xdc9 ./can/src/Can.o
                              0x69c61 (size before relaxing)
 .debug_str     0x00075e36      0x299 ./can/src/CanIf.o
                              0x69fd8 (size before relaxing)
 .debug_str     0x000760cf       0x35 ./can/src/CanIf_Cfg.o
                               0x40a6 (size before relaxing)
 .debug_str     0x00076104      0x300 ./can/src/CanTp.o
                               0x738c (size before relaxing)
 .debug_str     0x00076404       0x28 ./can/src/CanTp_Cfg.o
                               0x3d5f (size before relaxing)
 .debug_str     0x0007642c       0xb9 ./can/src/Can_Cfg.o
                               0x436e (size before relaxing)
 .debug_str     0x000764e5      0x2b2 ./can/src/Can_Hw.o
                              0x6a0cf (size before relaxing)
 .debug_str     0x00076797       0xb5 ./can/src/Can_Irq.o
                              0x69772 (size before relaxing)
 .debug_str     0x0007684c       0xd3 ./can/src/Can_Trcv.o
                               0x3cc4 (size before relaxing)
 .debug_str     0x0007691f       0x7d ./can/src/Det.o
                               0x3b3c (size before relaxing)
 .debug_str     0x0007699c       0x68 ./can/src/Dio.o
                              0x63299 (size before relaxing)
 .debug_str     0x00076a04      0x10b ./can/src/PduR.o
                              0x639c2 (size before relaxing)
 .debug_str     0x00076b0f       0x64 ./can/src/Port.o
                              0x6a722 (size before relaxing)
 .debug_str     0x00076b73       0x16 ./can/src/Port_Cfg.o
                              0x6b1fa (size before relaxing)
 .debug_str     0x00076b89       0x78 ./src/main.o
                              0x6a12e (size before relaxing)

.debug_ranges   0x00000000     0x1070
 .debug_ranges  0x00000000       0x20 ./SDK/platform/devices/S32K144/startup/system_S32K144.o
 .debug_ranges  0x00000020       0x10 ./SDK/platform/devices/startup.o
 .debug_ranges  0x00000030      0x478 ./SDK/platform/drivers/src/clock/S32K1xx/clock_S32K1xx.o
 .debug_ranges  0x000004a8      0x1a8 ./SDK/platform/drivers/src/csec/csec_driver.o
 .debug_ranges  0x00000650       0x48 ./SDK/platform/drivers/src/csec/csec_hw_access.o
 .debug_ranges  0x00000698      0x220 ./SDK/platform/drivers/src/edma/edma_driver.o
 .debug_ranges  0x000008b8       0x80 ./SDK/platform/drivers/src/edma/edma_hw_access.o
 .debug_ranges  0x00000938       0x98 ./SDK/platform/drivers/src/edma/edma_irq.o
 .debug_ranges  0x000009d0       0xf0 ./SDK/platform/drivers/src/flexio/flexio_common.o
 .debug_ranges  0x00000ac0       0x68 ./SDK/platform/drivers/src/interrupt/interrupt_manager.o
 .debug_ranges  0x00000b28      0x180 ./SDK/platform/drivers/src/pins/pins_driver.o
 .debug_ranges  0x00000ca8       0x40 ./SDK/platform/drivers/src/pins/pins_port_hw_access.o
 .debug_ranges  0x00000ce8       0x90 ./SDK/rtos/osif/osif_baremetal.o
 .debug_ranges  0x00000d78       0x28 ./can/src/App.o
 .debug_ranges  0x00000da0       0xb8 ./can/src/Can.o
 .debug_ranges  0x00000e58       0x68 ./can/src/CanIf.o
 .debug_ranges  0x00000ec0       0x88 ./can/src/CanTp.o
 .debug_ranges  0x00000f48       0x80 ./can/src/Can_Hw.o
 .debug_ranges  0x00000fc8       0x18 ./can/src/Can_Irq.o
 .debug_ranges  0x00000fe0       0x10 ./can/src/Can_Trcv.o
 .debug_ranges  0x00000ff0       0x10 ./can/src/Det.o
 .debug_ranges  0x00001000       0x10 ./can/src/Dio.o
 .debug_ranges  0x00001010       0x38 ./can/src/PduR.o
 .debug_ranges  0x00001048       0x10 ./can/src/Port.o
 .debug_ranges  0x00001058       0x18 ./src/main.o

.debug_macro    0x00000000    0x22699
 .debug_macro   0x00000000       0xb6 ./SDK/platform/devices/S32K144/startup/system_S32K144.o
 .debug_macro   0x000000b6      0x8d4 ./SDK/platform/devices/S32K144/startup/system_S32K144.o
 .debug_macro   0x0000098a       0x10 ./SDK/platform/devices/S32K144/startup/system_S32K144.o
 .debug_macro   0x0000099a       0x79 ./SDK/platform/devices/S32K144/startup/system_S32K144.o
 .debug_macro   0x00000a13       0x19 ./SDK/platform/devices/S32K144/startup/system_S32K144.o
 .debug_macro   0x00000a2c       0x22 ./SDK/platform/devices/S32K144/startup/system_S32K144.o
 .debug_macro   0x00000a4e       0x56 ./SDK/platform/devices/S32K144/startup/system_S32K144.o
 .debug_macro   0x00000aa4       0x51 ./SDK/platform/devices/S32K144/startup/system_S32K144.o
 .debug_macro   0x00000af5       0xef ./SDK/platform/devices/S32K144/startup/system_S32K144.o
 .debug_macro   0x00000be4       0x6a ./SDK/platform/devices/S32K144/startup/system_S32K144.o
 .debug_macro   0x00000c4e      0x1df ./SDK/platform/devices/S32K144/startup/system_S32K144.o
 .debug_macro   0x00000e2d     0xed1d ./SDK/platform/devices/S32K144/startup/system_S32K144.o
 .debug_macro   0x0000fb4a      0xbbd ./SDK/platform/devices/S32K144/startup/system_S32K144.o
 .debug_macro   0x00010707       0x22 ./SDK/platform/devices/S32K144/startup/system_S32K144.o
 .debug_macro   0x00010729       0x28 ./SDK/platform/devices/S32K144/startup/system_S32K144.o
 .debug_macro   0x00010751       0xb6 ./SDK/platform/devices/startup.o
 .debug_macro   0x00010807     0xed32 ./SDK/platform/devices/startup.o
 .debug_macro   0x0001f539       0x40 ./SDK/platform/devices/startup.o
 .debug_macro   0x0001f579      0x2b0 ./SDK/platform/drivers/src/clock/S32K1xx/clock_S32K1xx.o
 .debug_macro   0x0001f829      0x16d ./SDK/platform/drivers/src/clock/S32K1xx/clock_S32K1xx.o
 .debug_macro   0x0001f996       0x16 ./SDK/platform/drivers/src/clock/S32K1xx/clock_S32K1xx.o
 .debug_macro   0x0001f9ac       0x8a ./SDK/platform/drivers/src/clock/S32K1xx/clock_S32K1xx.o
 .debug_macro   0x0001fa36      0x1e0 ./SDK/platform/drivers/src/csec/csec_driver.o
 .debug_macro   0x0001fc16       0x18 ./SDK/platform/drivers/src/csec/csec_driver.o
 .debug_macro   0x0001fc2e       0x52 ./SDK/platform/drivers/src/csec/csec_driver.o
 .debug_macro   0x0001fc80       0x35 ./SDK/platform/drivers/src/csec/csec_driver.o
 .debug_macro   0x0001fcb5       0x34 ./SDK/platform/drivers/src/csec/csec_driver.o
 .debug_macro   0x0001fce9       0x16 ./SDK/platform/drivers/src/csec/csec_driver.o
 .debug_macro   0x0001fcff      0x10e ./SDK/platform/drivers/src/csec/csec_driver.o
 .debug_macro   0x0001fe0d       0x86 ./SDK/platform/drivers/src/csec/csec_driver.o
 .debug_macro   0x0001fe93       0x52 ./SDK/platform/drivers/src/csec/csec_driver.o
 .debug_macro   0x0001fee5       0x1f ./SDK/platform/drivers/src/csec/csec_driver.o
 .debug_macro   0x0001ff04       0x43 ./SDK/platform/drivers/src/csec/csec_driver.o
 .debug_macro   0x0001ff47       0x20 ./SDK/platform/drivers/src/csec/csec_driver.o
 .debug_macro   0x0001ff67      0x18e ./SDK/platform/drivers/src/csec/csec_driver.o
 .debug_macro   0x000200f5      0x35c ./SDK/platform/drivers/src/csec/csec_driver.o
 .debug_macro   0x00020451       0x22 ./SDK/platform/drivers/src/csec/csec_driver.o
 .debug_macro   0x00020473       0x10 ./SDK/platform/drivers/src/csec/csec_driver.o
 .debug_macro   0x00020483       0x34 ./SDK/platform/drivers/src/csec/csec_driver.o
 .debug_macro   0x000204b7       0x64 ./SDK/platform/drivers/src/csec/csec_driver.o
 .debug_macro   0x0002051b       0x10 ./SDK/platform/drivers/src/csec/csec_driver.o
 .debug_macro   0x0002052b      0x19b ./SDK/platform/drivers/src/csec/csec_hw_access.o
 .debug_macro   0x000206c6       0x35 ./SDK/platform/drivers/src/csec/csec_hw_access.o
 .debug_macro   0x000206fb       0xf7 ./SDK/platform/drivers/src/edma/edma_driver.o
 .debug_macro   0x000207f2       0x16 ./SDK/platform/drivers/src/edma/edma_driver.o
 .debug_macro   0x00020808       0xcc ./SDK/platform/drivers/src/edma/edma_hw_access.o
 .debug_macro   0x000208d4       0xd0 ./SDK/platform/drivers/src/edma/edma_irq.o
 .debug_macro   0x000209a4      0x108 ./SDK/platform/drivers/src/flexio/flexio_common.o
 .debug_macro   0x00020aac       0xca ./SDK/platform/drivers/src/interrupt/interrupt_manager.o
 .debug_macro   0x00020b76       0xde ./SDK/platform/drivers/src/pins/pins_driver.o
 .debug_macro   0x00020c54       0xde ./SDK/platform/drivers/src/pins/pins_port_hw_access.o
 .debug_macro   0x00020d32       0xfb ./SDK/rtos/osif/osif_baremetal.o
 .debug_macro   0x00020e2d       0xd9 ./board/clock_config.o
 .debug_macro   0x00020f06       0x16 ./board/clock_config.o
 .debug_macro   0x00020f1c       0xda ./board/pin_mux.o
 .debug_macro   0x00020ff6      0x13b ./can/src/App.o
 .debug_macro   0x00021131       0x3a ./can/src/App.o
 .debug_macro   0x0002116b       0x82 ./can/src/App.o
 .debug_macro   0x000211ed       0x34 ./can/src/App.o
 .debug_macro   0x00021221       0x3a ./can/src/App.o
 .debug_macro   0x0002125b       0x1c ./can/src/App.o
 .debug_macro   0x00021277       0x82 ./can/src/App.o
 .debug_macro   0x000212f9       0x34 ./can/src/App.o
 .debug_macro   0x0002132d       0x1c ./can/src/App.o
 .debug_macro   0x00021349       0x3a ./can/src/App.o
 .debug_macro   0x00021383       0x10 ./can/src/App.o
 .debug_macro   0x00021393      0x11e ./can/src/Can.o
 .debug_macro   0x000214b1       0x3a ./can/src/Can.o
 .debug_macro   0x000214eb       0x1c ./can/src/Can.o
 .debug_macro   0x00021507       0xf7 ./can/src/Can.o
 .debug_macro   0x000215fe       0x52 ./can/src/Can.o
 .debug_macro   0x00021650       0x16 ./can/src/Can.o
 .debug_macro   0x00021666      0x14c ./can/src/CanIf.o
 .debug_macro   0x000217b2       0xda ./can/src/CanIf_Cfg.o
 .debug_macro   0x0002188c      0x1bc ./can/src/CanTp.o
 .debug_macro   0x00021a48       0x10 ./can/src/CanTp.o
 .debug_macro   0x00021a58       0xaf ./can/src/CanTp_Cfg.o
 .debug_macro   0x00021b07       0x16 ./can/src/CanTp_Cfg.o
 .debug_macro   0x00021b1d       0x34 ./can/src/CanTp_Cfg.o
 .debug_macro   0x00021b51       0xcb ./can/src/Can_Cfg.o
 .debug_macro   0x00021c1c       0x16 ./can/src/Can_Cfg.o
 .debug_macro   0x00021c32       0xf1 ./can/src/Can_Cfg.o
 .debug_macro   0x00021d23      0x12c ./can/src/Can_Hw.o
 .debug_macro   0x00021e4f      0x11a ./can/src/Can_Irq.o
 .debug_macro   0x00021f69       0x16 ./can/src/Can_Irq.o
 .debug_macro   0x00021f7f       0xb1 ./can/src/Can_Trcv.o
 .debug_macro   0x00022030       0x3a ./can/src/Can_Trcv.o
 .debug_macro   0x0002206a       0x8e ./can/src/Det.o
 .debug_macro   0x000220f8       0x9b ./can/src/Dio.o
 .debug_macro   0x00022193       0xf9 ./can/src/PduR.o
 .debug_macro   0x0002228c      0x10f ./can/src/Port.o
 .debug_macro   0x0002239b       0x10 ./can/src/Port.o
 .debug_macro   0x000223ab      0x111 ./can/src/Port_Cfg.o
 .debug_macro   0x000224bc      0x1c1 ./src/main.o
 .debug_macro   0x0002267d       0x1c ./src/main.o

.comment        0x00000000       0x7e
 .comment       0x00000000       0x7e ./SDK/platform/devices/S32K144/startup/system_S32K144.o
                                 0x7f (size before relaxing)
 .comment       0x0000007e       0x7f ./SDK/platform/devices/startup.o
 .comment       0x0000007e       0x7f ./SDK/platform/drivers/src/clock/S32K1xx/clock_S32K1xx.o
 .comment       0x0000007e       0x7f ./SDK/platform/drivers/src/csec/csec_driver.o
 .comment       0x0000007e       0x7f ./SDK/platform/drivers/src/csec/csec_hw_access.o
 .comment       0x0000007e       0x7f ./SDK/platform/drivers/src/edma/edma_driver.o
 .comment       0x0000007e       0x7f ./SDK/platform/drivers/src/edma/edma_hw_access.o
 .comment       0x0000007e       0x7f ./SDK/platform/drivers/src/edma/edma_irq.o
 .comment       0x0000007e       0x7f ./SDK/platform/drivers/src/flexio/flexio_common.o
 .comment       0x0000007e       0x7f ./SDK/platform/drivers/src/interrupt/interrupt_manager.o
 .comment       0x0000007e       0x7f ./SDK/platform/drivers/src/pins/pins_driver.o
 .comment       0x0000007e       0x7f ./SDK/platform/drivers/src/pins/pins_port_hw_access.o
 .comment       0x0000007e       0x7f ./SDK/rtos/osif/osif_baremetal.o
 .comment       0x0000007e       0x7f ./board/clock_config.o
 .comment       0x0000007e       0x7f ./board/pin_mux.o
 .comment       0x0000007e       0x7f ./can/src/App.o
 .comment       0x0000007e       0x7f ./can/src/Can.o
 .comment       0x0000007e       0x7f ./can/src/CanIf.o
 .comment       0x0000007e       0x7f ./can/src/CanIf_Cfg.o
 .comment       0x0000007e       0x7f ./can/src/CanTp.o
 .comment       0x0000007e       0x7f ./can/src/CanTp_Cfg.o
 .comment       0x0000007e       0x7f ./can/src/Can_Cfg.o
 .comment       0x0000007e       0x7f ./can/src/Can_Hw.o
 .comment       0x0000007e       0x7f ./can/src/Can_Irq.o
 .comment       0x0000007e       0x7f ./can/src/Can_Trcv.o
 .comment       0x0000007e       0x7f ./can/src/Det.o
 .comment       0x0000007e       0x7f ./can/src/Dio.o
 .comment       0x0000007e       0x7f ./can/src/PduR.o
 .comment       0x0000007e       0x7f ./can/src/Port.o
 .comment       0x0000007e       0x7f ./can/src/Port_Cfg.o
 .comment       0x0000007e       0x7f ./src/main.o

.debug_frame    0x00000000     0x492c
 .debug_frame   0x00000000       0x80 ./SDK/platform/devices/S32K144/startup/system_S32K144.o
 .debug_frame   0x00000080       0x38 ./SDK/platform/devices/startup.o
 .debug_frame   0x000000b8     0x1588 ./SDK/platform/drivers/src/clock/S32K1xx/clock_S32K1xx.o
 .debug_frame   0x00001640      0x714 ./SDK/platform/drivers/src/csec/csec_driver.o
 .debug_frame   0x00001d54      0x14c ./SDK/platform/drivers/src/csec/csec_hw_access.o
 .debug_frame   0x00001ea0      0x9a8 ./SDK/platform/drivers/src/edma/edma_driver.o
 .debug_frame   0x00002848      0x248 ./SDK/platform/drivers/src/edma/edma_hw_access.o
 .debug_frame   0x00002a90      0x21c ./SDK/platform/drivers/src/edma/edma_irq.o
 .debug_frame   0x00002cac      0x470 ./SDK/platform/drivers/src/flexio/flexio_common.o
 .debug_frame   0x0000311c      0x1bc ./SDK/platform/drivers/src/interrupt/interrupt_manager.o
 .debug_frame   0x000032d8      0x6e8 ./SDK/platform/drivers/src/pins/pins_driver.o
 .debug_frame   0x000039c0      0x11c ./SDK/platform/drivers/src/pins/pins_port_hw_access.o
 .debug_frame   0x00003adc      0x260 ./SDK/rtos/osif/osif_baremetal.o
 .debug_frame   0x00003d3c       0xac ./can/src/App.o
 .debug_frame   0x00003de8      0x350 ./can/src/Can.o
 .debug_frame   0x00004138      0x1c8 ./can/src/CanIf.o
 .debug_frame   0x00004300      0x168 ./can/src/CanTp.o
 .debug_frame   0x00004468      0x234 ./can/src/Can_Hw.o
 .debug_frame   0x0000469c       0x48 ./can/src/Can_Irq.o
 .debug_frame   0x000046e4       0x34 ./can/src/Can_Trcv.o
 .debug_frame   0x00004718       0x38 ./can/src/Det.o
 .debug_frame   0x00004750       0x3c ./can/src/Dio.o
 .debug_frame   0x0000478c       0xf8 ./can/src/PduR.o
 .debug_frame   0x00004884       0x34 ./can/src/Port.o
 .debug_frame   0x000048b8       0x4c ./src/main.o
 .debug_frame   0x00004904       0x28 C:/NXP/S32DS.3.5/S32DS/build_tools/gcc_b1620/gcc-6.3-arm32-eabi/arm-none-eabi/newlib/lib/thumb/v7e-m/fpv4-sp/hard\libc_nano.a(lib_a-memcpy-stub.o)
